// Jest Snapshot v1, https://goo.gl/fbAQLP

exports[`config merge config 1`] = `
".font-corsiva {
  font-family: monotype corsiva;
}"
`;
