// Jest Snapshot v1, https://goo.gl/fbAQLP

exports[`plugins aspect-ratio: classes 1`] = `
Set {
  "aspect-none",
  "aspect-w-16",
  "aspect-h-9",
  "aspect-16/9",
}
`;

exports[`plugins aspect-ratio: generated-css 1`] = `
".aspect-none {
  position: static;
  padding-bottom: 0;
}
.aspect-none > * {
  position: static;
  height: auto;
  width: auto;
  top: auto;
  right: auto;
  bottom: auto;
  left: auto;
}
.aspect-w-16 {
  --tw-aspect-w: 16;
  position: relative;
  padding-bottom: calc(var(--tw-aspect-h) / var(--tw-aspect-w) * 100%);
}
.aspect-w-16 > * {
  position: absolute;
  height: 100%;
  width: 100%;
  top: 0;
  right: 0;
  bottom: 0;
  left: 0;
}
.aspect-h-9 {
  --tw-aspect-h: 9;
}
.aspect-16\\\\/9 {
  position: relative;
  padding-bottom: 177.777778%;
}
.aspect-16\\\\/9 > * {
  position: absolute;
  height: 100%;
  width: 100%;
  top: 0;
  right: 0;
  bottom: 0;
  left: 0;
}"
`;

exports[`plugins forms: classes 1`] = `Set {}`;

exports[`plugins forms: generated-css 1`] = `
"
[type='text'],
[multiple],
select
 {
  -webkit-appearance: none;
  -moz-appearance: none;
  appearance: none;
  background-color: #fff;
  border-color: #6b7280;
  border-width: 1px;
  border-radius: 0px;
  padding-top: 0.5rem;
  padding-right: 0.75rem;
  padding-bottom: 0.5rem;
  padding-left: 0.75rem;
  font-size: 1rem;
  line-height: 1.5rem;
}
[type='text']:focus, [multiple]:focus, select:focus {
  outline: 2px solid transparent;
  outline-offset: 2px;
  --tw-ring-inset: var(--tw-empty,/*!*/ /*!*/);
  --tw-ring-offset-width: 0px;
  --tw-ring-offset-color: #fff;
  --tw-ring-color: #2563eb;
  --tw-ring-offset-shadow: var(--tw-ring-inset) 0 0 0 var(--tw-ring-offset-width) var(--tw-ring-offset-color);
  --tw-ring-shadow: var(--tw-ring-inset) 0 0 0 calc(1px + var(--tw-ring-offset-width)) var(--tw-ring-color);
  box-shadow: var(--tw-ring-offset-shadow), var(--tw-ring-shadow), var(--tw-shadow, 0 0 #0000);
  border-color: #2563eb;
}
*, ::before, ::after {
  -webkit-box-sizing: border-box;
  box-sizing: border-box;
  border-width: 0;
  border-style: solid;
  border-color: #e5e7eb;
}
* {
  --tw-ring-inset: var(--tw-empty,/*!*/ /*!*/);
  --tw-ring-offset-width: 0px;
  --tw-ring-offset-color: #fff;
  --tw-ring-color: rgba(59, 130, 246, 0.5);
  --tw-ring-offset-shadow: 0 0 #0000;
  --tw-ring-shadow: 0 0 #0000;
  --tw-shadow: 0 0 #0000;
}
:root {
  -moz-tab-size: 4;
  -o-tab-size: 4;
  tab-size: 4;
}
:-moz-focusring {
  outline: 1px dotted ButtonText;
}
:-moz-ui-invalid {
  box-shadow: none;
}
::moz-focus-inner {
  border-style: none;
  padding: 0;
}
::-webkit-inner-spin-button, ::-webkit-outer-spin-button {
  height: auto;
}
::-webkit-search-decoration {
  -webkit-appearance: none;
}
::-webkit-file-upload-button {
  -webkit-appearance: button;
  font: inherit;
}
::-webkit-datetime-edit-fields-wrapper {
  padding: 0;
}
::-webkit-date-and-time-value {
  min-height: 1.5em;
}
[type='search'] {
  -webkit-appearance: textfield;
  outline-offset: -2px;
}
[multiple] {
  background-image: initial;
  background-position: initial;
  background-repeat: unset;
  background-size: initial;
  padding-right: 0.75rem;
  -webkit-print-color-adjust: unset;
  color-adjust: unset;
}
abbr[title] {
  -webkit-text-decoration: underline dotted;
  text-decoration: underline dotted;
}
body {
  margin: 0;
  font-family: inherit;
  line-height: inherit;
}
html {
  -webkit-text-size-adjust: 100%;
  font-family: ui-sans-serif,system-ui,-apple-system,BlinkMacSystemFont,\\"Segoe UI\\",Roboto,\\"Helvetica Neue\\",Arial,\\"Noto Sans\\",sans-serif,\\"Apple Color Emoji\\",\\"Segoe UI Emoji\\",\\"Segoe UI Symbol\\",\\"Noto Color Emoji\\";
  line-height: 1.5;
}
input, select {
  font-family: inherit;
  font-size: 100%;
  line-height: 1.15;
  margin: 0;
  padding: 0;
  line-height: inherit;
  color: inherit;
}
input::placeholder {
  opacity: 1;
  color: #9ca3af;
  color: #6b7280;
}
input::webkit-input-placeholder {
  opacity: 1;
  color: #9ca3af;
}
input::-moz-placeholder {
  opacity: 1;
  color: #9ca3af;
  color: #6b7280;
}
input:-ms-input-placeholder {
  opacity: 1;
  color: #9ca3af;
}
input::-ms-input-placeholder {
  opacity: 1;
  color: #9ca3af;
  color: #6b7280;
}
select {
  text-transform: none;
  background-image: url(\\"data:image/svg+xml,%3csvg xmlns='http://www.w3.org/2000/svg' fill='none' viewBox='0 0 20 20'%3e%3cpath stroke='%236b7280' stroke-linecap='round' stroke-linejoin='round' stroke-width='1.5' d='M6 8l4 4 4-4'/%3e%3c/svg%3e\\");
  background-position: right 0.5rem center;
  background-repeat: no-repeat;
  background-size: 1.5em 1.5em;
  padding-right: 2.5rem;
  -webkit-print-color-adjust: exact;
  color-adjust: exact;
}"
`;
