// Jest Snapshot v1, https://goo.gl/fbAQLP

exports[`transfrom group basic 1`] = `"bg-white font-light sm:hover:bg-gray-100 sm:hover:font-medium"`;
